Archive member included to satisfy reference by file (symbol)

E:/Apps/STM32CubeIDE/STM32CubeIDE_1.19.0/STM32CubeIDE/plugins/com.st.stm32cube.ide.mcu.externaltools.gnu-tools-for-stm32.13.3.rel1.win32_1.0.0.202411081344/tools/bin/../lib/gcc/arm-none-eabi/13.3.1/../../../../arm-none-eabi/lib/thumb/v6-m/nofp\libc_nano.a(libc_a-exit.o)
                              E:/Apps/STM32CubeIDE/STM32CubeIDE_1.19.0/STM32CubeIDE/plugins/com.st.stm32cube.ide.mcu.externaltools.gnu-tools-for-stm32.13.3.rel1.win32_1.0.0.202411081344/tools/bin/../lib/gcc/arm-none-eabi/13.3.1/../../../../arm-none-eabi/lib/thumb/v6-m/nofp/crt0.o (exit)
E:/Apps/STM32CubeIDE/STM32CubeIDE_1.19.0/STM32CubeIDE/plugins/com.st.stm32cube.ide.mcu.externaltools.gnu-tools-for-stm32.13.3.rel1.win32_1.0.0.202411081344/tools/bin/../lib/gcc/arm-none-eabi/13.3.1/../../../../arm-none-eabi/lib/thumb/v6-m/nofp\libc_nano.a(libc_a-findfp.o)
                              E:/Apps/STM32CubeIDE/STM32CubeIDE_1.19.0/STM32CubeIDE/plugins/com.st.stm32cube.ide.mcu.externaltools.gnu-tools-for-stm32.13.3.rel1.win32_1.0.0.202411081344/tools/bin/../lib/gcc/arm-none-eabi/13.3.1/../../../../arm-none-eabi/lib/thumb/v6-m/nofp\libc_nano.a(libc_a-exit.o) (__stdio_exit_handler)
E:/Apps/STM32CubeIDE/STM32CubeIDE_1.19.0/STM32CubeIDE/plugins/com.st.stm32cube.ide.mcu.externaltools.gnu-tools-for-stm32.13.3.rel1.win32_1.0.0.202411081344/tools/bin/../lib/gcc/arm-none-eabi/13.3.1/../../../../arm-none-eabi/lib/thumb/v6-m/nofp\libc_nano.a(libc_a-fwalk.o)
                              E:/Apps/STM32CubeIDE/STM32CubeIDE_1.19.0/STM32CubeIDE/plugins/com.st.stm32cube.ide.mcu.externaltools.gnu-tools-for-stm32.13.3.rel1.win32_1.0.0.202411081344/tools/bin/../lib/gcc/arm-none-eabi/13.3.1/../../../../arm-none-eabi/lib/thumb/v6-m/nofp\libc_nano.a(libc_a-findfp.o) (_fwalk_sglue)
E:/Apps/STM32CubeIDE/STM32CubeIDE_1.19.0/STM32CubeIDE/plugins/com.st.stm32cube.ide.mcu.externaltools.gnu-tools-for-stm32.13.3.rel1.win32_1.0.0.202411081344/tools/bin/../lib/gcc/arm-none-eabi/13.3.1/../../../../arm-none-eabi/lib/thumb/v6-m/nofp\libc_nano.a(libc_a-stdio.o)
                              E:/Apps/STM32CubeIDE/STM32CubeIDE_1.19.0/STM32CubeIDE/plugins/com.st.stm32cube.ide.mcu.externaltools.gnu-tools-for-stm32.13.3.rel1.win32_1.0.0.202411081344/tools/bin/../lib/gcc/arm-none-eabi/13.3.1/../../../../arm-none-eabi/lib/thumb/v6-m/nofp\libc_nano.a(libc_a-findfp.o) (__sread)
E:/Apps/STM32CubeIDE/STM32CubeIDE_1.19.0/STM32CubeIDE/plugins/com.st.stm32cube.ide.mcu.externaltools.gnu-tools-for-stm32.13.3.rel1.win32_1.0.0.202411081344/tools/bin/../lib/gcc/arm-none-eabi/13.3.1/../../../../arm-none-eabi/lib/thumb/v6-m/nofp\libc_nano.a(libc_a-memset.o)
                              E:/Apps/STM32CubeIDE/STM32CubeIDE_1.19.0/STM32CubeIDE/plugins/com.st.stm32cube.ide.mcu.externaltools.gnu-tools-for-stm32.13.3.rel1.win32_1.0.0.202411081344/tools/bin/../lib/gcc/arm-none-eabi/13.3.1/../../../../arm-none-eabi/lib/thumb/v6-m/nofp/crt0.o (memset)
E:/Apps/STM32CubeIDE/STM32CubeIDE_1.19.0/STM32CubeIDE/plugins/com.st.stm32cube.ide.mcu.externaltools.gnu-tools-for-stm32.13.3.rel1.win32_1.0.0.202411081344/tools/bin/../lib/gcc/arm-none-eabi/13.3.1/../../../../arm-none-eabi/lib/thumb/v6-m/nofp\libc_nano.a(libc_a-closer.o)
                              E:/Apps/STM32CubeIDE/STM32CubeIDE_1.19.0/STM32CubeIDE/plugins/com.st.stm32cube.ide.mcu.externaltools.gnu-tools-for-stm32.13.3.rel1.win32_1.0.0.202411081344/tools/bin/../lib/gcc/arm-none-eabi/13.3.1/../../../../arm-none-eabi/lib/thumb/v6-m/nofp\libc_nano.a(libc_a-stdio.o) (_close_r)
E:/Apps/STM32CubeIDE/STM32CubeIDE_1.19.0/STM32CubeIDE/plugins/com.st.stm32cube.ide.mcu.externaltools.gnu-tools-for-stm32.13.3.rel1.win32_1.0.0.202411081344/tools/bin/../lib/gcc/arm-none-eabi/13.3.1/../../../../arm-none-eabi/lib/thumb/v6-m/nofp\libc_nano.a(libc_a-reent.o)
                              E:/Apps/STM32CubeIDE/STM32CubeIDE_1.19.0/STM32CubeIDE/plugins/com.st.stm32cube.ide.mcu.externaltools.gnu-tools-for-stm32.13.3.rel1.win32_1.0.0.202411081344/tools/bin/../lib/gcc/arm-none-eabi/13.3.1/../../../../arm-none-eabi/lib/thumb/v6-m/nofp\libc_nano.a(libc_a-closer.o) (errno)
E:/Apps/STM32CubeIDE/STM32CubeIDE_1.19.0/STM32CubeIDE/plugins/com.st.stm32cube.ide.mcu.externaltools.gnu-tools-for-stm32.13.3.rel1.win32_1.0.0.202411081344/tools/bin/../lib/gcc/arm-none-eabi/13.3.1/../../../../arm-none-eabi/lib/thumb/v6-m/nofp\libc_nano.a(libc_a-impure.o)
                              E:/Apps/STM32CubeIDE/STM32CubeIDE_1.19.0/STM32CubeIDE/plugins/com.st.stm32cube.ide.mcu.externaltools.gnu-tools-for-stm32.13.3.rel1.win32_1.0.0.202411081344/tools/bin/../lib/gcc/arm-none-eabi/13.3.1/../../../../arm-none-eabi/lib/thumb/v6-m/nofp\libc_nano.a(libc_a-reent.o) (_impure_ptr)
E:/Apps/STM32CubeIDE/STM32CubeIDE_1.19.0/STM32CubeIDE/plugins/com.st.stm32cube.ide.mcu.externaltools.gnu-tools-for-stm32.13.3.rel1.win32_1.0.0.202411081344/tools/bin/../lib/gcc/arm-none-eabi/13.3.1/../../../../arm-none-eabi/lib/thumb/v6-m/nofp\libc_nano.a(libc_a-lseekr.o)
[...]
Memory Configuration

Name             Origin             Length             Attributes
RAM              0x20000000         0x00008000         xrw
FLASH            0x08000000         0x00040000         xr
*default*        0x00000000         0xffffffff

Linker script and memory map

LOAD E:/Apps/STM32CubeIDE/STM32CubeIDE_1.19.0/STM32CubeIDE/plugins/com.st.stm32cube.ide.mcu.externaltools.gnu-tools-for-stm32.13.3.rel1.win32_1.0.0.202411081344/tools/bin/../lib/gcc/arm-none-eabi/13.3.1/thumb/v6-m/nofp/crti.o
LOAD E:/Apps/STM32CubeIDE/STM32CubeIDE_1.19.0/STM32CubeIDE/plugins/com.st.stm32cube.ide.mcu.externaltools.gnu-tools-for-stm32.13.3.rel1.win32_1.0.0.202411081344/tools/bin/../lib/gcc/arm-none-eabi/13.3.1/thumb/v6-m/nofp/crtbegin.o
LOAD E:/Apps/STM32CubeIDE/STM32CubeIDE_1.19.0/STM32CubeIDE/plugins/com.st.stm32cube.ide.mcu.externaltools.gnu-tools-for-stm32.13.3.rel1.win32_1.0.0.202411081344/tools/bin/../lib/gcc/arm-none-eabi/13.3.1/../../../../arm-none-eabi/lib/thumb/v6-m/nofp/crt0.o
LOAD ./Core/Src/main.o
LOAD ./Core/Src/stm32f0xx_hal_msp.o
LOAD ./Core/Src/stm32f0xx_it.o
LOAD ./Core/Src/syscalls.o
LOAD ./Core/Src/sysmem.o
LOAD ./Core/Src/system_stm32f0xx.o
LOAD ./Core/Startup/startup_stm32f091rctx.o
LOAD ./Drivers/STM32F0xx_HAL_Driver/Src/stm32f0xx_hal.o
LOAD ./Drivers/STM32F0xx_HAL_Driver/Src/stm32f0xx_hal_cortex.o
LOAD ./Drivers/STM32F0xx_HAL_Driver/Src/stm32f0xx_hal_dma.o
LOAD ./Drivers/STM32F0xx_HAL_Driver/Src/stm32f0xx_hal_exti.o
LOAD ./Drivers/STM32F0xx_HAL_Driver/Src/stm32f0xx_hal_flash.o
LOAD ./Drivers/STM32F0xx_HAL_Driver/Src/stm32f0xx_hal_flash_ex.o
LOAD ./Drivers/STM32F0xx_HAL_Driver/Src/stm32f0xx_hal_gpio.o
LOAD ./Drivers/STM32F0xx_HAL_Driver/Src/stm32f0xx_hal_i2c.o
LOAD ./Drivers/STM32F0xx_HAL_Driver/Src/stm32f0xx_hal_i2c_ex.o
LOAD ./Drivers/STM32F0xx_HAL_Driver/Src/stm32f0xx_hal_pwr.o
LOAD ./Drivers/STM32F0xx_HAL_Driver/Src/stm32f0xx_hal_pwr_ex.o
LOAD ./Drivers/STM32F0xx_HAL_Driver/Src/stm32f0xx_hal_rcc.o
LOAD ./Drivers/STM32F0xx_HAL_Driver/Src/stm32f0xx_hal_rcc_ex.o
LOAD ./Drivers/STM32F0xx_HAL_Driver/Src/stm32f0xx_hal_uart.o
LOAD ./Drivers/STM32F0xx_HAL_Driver/Src/stm32f0xx_hal_uart_ex.o
START GROUP
LOAD E:/Apps/STM32CubeIDE/STM32CubeIDE_1.19.0/STM32CubeIDE/plugins/com.st.stm32cube.ide.mcu.externaltools.gnu-tools-for-stm32.13.3.rel1.win32_1.0.0.202411081344/tools/bin/../lib/gcc/arm-none-eabi/13.3.1/../../../../arm-none-eabi/lib/thumb/v6-m/nofp\libc_nano.a
LOAD E:/Apps/STM32CubeIDE/STM32CubeIDE_1.19.0/STM32CubeIDE/plugins/com.st.stm32cube.ide.mcu.externaltools.gnu-tools-for-stm32.13.3.rel1.win32_1.0.0.202411081344/tools/bin/../lib/gcc/arm-none-eabi/13.3.1/../../../../arm-none-eabi/lib/thumb/v6-m/nofp\libm.a
END GROUP
START GROUP
LOAD E:/Apps/STM32CubeIDE/STM32CubeIDE_1.19.0/STM32CubeIDE/plugins/com.st.stm32cube.ide.mcu.externaltools.gnu-tools-for-stm32.13.3.rel1.win32_1.0.0.202411081344/tools/bin/../lib/gcc/arm-none-eabi/13.3.1/thumb/v6-m/nofp\libgcc.a
LOAD E:/Apps/STM32CubeIDE/STM32CubeIDE_1.19.0/STM32CubeIDE/plugins/com.st.stm32cube.ide.mcu.externaltools.gnu-tools-for-stm32.13.3.rel1.win32_1.0.0.202411081344/tools/bin/../lib/gcc/arm-none-eabi/13.3.1/../../../../arm-none-eabi/lib/thumb/v6-m/nofp\libc_nano.a
END GROUP
START GROUP
LOAD E:/Apps/STM32CubeIDE/STM32CubeIDE_1.19.0/STM32CubeIDE/plugins/com.st.stm32cube.ide.mcu.externaltools.gnu-tools-for-stm32.13.3.rel1.win32_1.0.0.202411081344/tools/bin/../lib/gcc/arm-none-eabi/13.3.1/thumb/v6-m/nofp\libgcc.a
LOAD E:/Apps/STM32CubeIDE/STM32CubeIDE_1.19.0/STM32CubeIDE/plugins/com.st.stm32cube.ide.mcu.externaltools.gnu-tools-for-stm32.13.3.rel1.win32_1.0.0.202411081344/tools/bin/../lib/gcc/arm-none-eabi/13.3.1/../../../../arm-none-eabi/lib/thumb/v6-m/nofp\libc_nano.a
LOAD E:/Apps/STM32CubeIDE/STM32CubeIDE_1.19.0/STM32CubeIDE/plugins/com.st.stm32cube.ide.mcu.externaltools.gnu-tools-for-stm32.13.3.rel1.win32_1.0.0.202411081344/tools/bin/../lib/gcc/arm-none-eabi/13.3.1/../../../../arm-none-eabi/lib/thumb/v6-m/nofp\libnosys.a
END GROUP
START GROUP
LOAD E:/Apps/STM32CubeIDE/STM32CubeIDE_1.19.0/STM32CubeIDE/plugins/com.st.stm32cube.ide.mcu.externaltools.gnu-tools-for-stm32.13.3.rel1.win32_1.0.0.202411081344/tools/bin/../lib/gcc/arm-none-eabi/13.3.1/thumb/v6-m/nofp\libgcc.a
LOAD E:/Apps/STM32CubeIDE/STM32CubeIDE_1.19.0/STM32CubeIDE/plugins/com.st.stm32cube.ide.mcu.externaltools.gnu-tools-for-stm32.13.3.rel1.win32_1.0.0.202411081344/tools/bin/../lib/gcc/arm-none-eabi/13.3.1/../../../../arm-none-eabi/lib/thumb/v6-m/nofp\libc_nano.a
LOAD E:/Apps/STM32CubeIDE/STM32CubeIDE_1.19.0/STM32CubeIDE/plugins/com.st.stm32cube.ide.mcu.externaltools.gnu-tools-for-stm32.13.3.rel1.win32_1.0.0.202411081344/tools/bin/../lib/gcc/arm-none-eabi/13.3.1/../../../../arm-none-eabi/lib/thumb/v6-m/nofp\libnosys.a
END GROUP
LOAD E:/Apps/STM32CubeIDE/STM32CubeIDE_1.19.0/STM32CubeIDE/plugins/com.st.stm32cube.ide.mcu.externaltools.gnu-tools-for-stm32.13.3.rel1.win32_1.0.0.202411081344/tools/bin/../lib/gcc/arm-none-eabi/13.3.1/thumb/v6-m/nofp/crtend.o
LOAD E:/Apps/STM32CubeIDE/STM32CubeIDE_1.19.0/STM32CubeIDE/plugins/com.st.stm32cube.ide.mcu.externaltools.gnu-tools-for-stm32.13.3.rel1.win32_1.0.0.202411081344/tools/bin/../lib/gcc/arm-none-eabi/13.3.1/thumb/v6-m/nofp/crtn.o
                0x20008000                        _estack = (ORIGIN (RAM) + LENGTH (RAM))
                0x00000200                        _Min_Heap_Size = 0x200
                0x00000400                        _Min_Stack_Size = 0x400

.isr_vector     0x08000000       0xbc
                0x08000000                        . = ALIGN (0x4)
 *(.isr_vector)
 .isr_vector    0x08000000       0xbc ./Core/Startup/startup_stm32f091rctx.o
                0x08000000                g_pfnVectors
                0x080000bc                        . = ALIGN (0x4)

.text           0x080000bc      0x4cc
                0x080000bc                        . = ALIGN (0x4)
 *(.text)
 .text          0x080000bc       0x48 E:/Apps/STM32CubeIDE/STM32CubeIDE_1.19.0/STM32CubeIDE/plugins/com.st.stm32cube.ide.mcu.externaltools.gnu-tools-for-stm32.13.3.rel1.win32_1.0.0.202411081344/tools/bin/../lib/gcc/arm-none-eabi/13.3.1/thumb/v6-m/nofp/crtbegin.o
 *(.text*)
 .text.main     0x08000104       0x58 ./Core/Src/main.o
                0x08000104                main
 .text.spi1_init
                0x0800015c      0x114 ./Core/Src/main.o
                0x0800015c                spi1_init
 .text.lcd_gpio_init
                0x08000270       0xac ./Core/Src/main.o
                0x08000270                lcd_gpio_init
 .text.spi_send8
                0x0800031c       0x40 ./Core/Src/main.o
 .text.lcd_send_command
                0x0800035c       0x40 ./Core/Src/main.o
                0x0800035c                lcd_send_command
 .text.lcd_send_data
                0x0800039c       0x40 ./Core/Src/main.o
                0x0800039c                lcd_send_data
 .text.lcd_init
                0x080003dc       0x98 ./Core/Src/main.o
                0x080003dc                lcd_init
 .text.NMI_Handler
                0x08000474        0x8 ./Core/Src/stm32f0xx_it.o
                0x08000474                NMI_Handler
 .text.HardFault_Handler
                0x0800047c        0x8 ./Core/Src/stm32f0xx_it.o
                0x0800047c                HardFault_Handler
 .text.SVC_Handler
                0x08000484        0xa ./Core/Src/stm32f0xx_it.o
                0x08000484                SVC_Handler
 .text.PendSV_Handler
                0x0800048e        0xa ./Core/Src/stm32f0xx_it.o
                0x0800048e                PendSV_Handler
 .text.SysTick_Handler
                0x08000498        0xe ./Core/Src/stm32f0xx_it.o
                0x08000498                SysTick_Handler
 .text.SystemInit
                0x080004a6        0xa ./Core/Src/system_stm32f0xx.o
                0x080004a6                SystemInit
 .text.Reset_Handler
                0x080004b0       0x50 ./Core/Startup/startup_stm32f091rctx.o
                0x080004b0                Reset_Handler
 .text.Default_Handler
                0x08000500        0x2 ./Core/Startup/startup_stm32f091rctx.o
                0x08000500                TIM1_CC_IRQHandler
                0x08000500                TSC_IRQHandler
                0x08000500                ADC1_COMP_IRQHandler
                0x08000500                I2C1_IRQHandler
                0x08000500                RCC_CRS_IRQHandler
                0x08000500                SPI1_IRQHandler
                0x08000500                TIM6_DAC_IRQHandler
                0x08000500                DMA1_Ch1_IRQHandler
                0x08000500                EXTI2_3_IRQHandler
                0x08000500                I2C2_IRQHandler
                0x08000500                TIM17_IRQHandler
                0x08000500                CEC_CAN_IRQHandler
                0x08000500                RTC_IRQHandler
                0x08000500                PVD_VDDIO2_IRQHandler
                0x08000500                TIM16_IRQHandler
                0x08000500                TIM3_IRQHandler
                0x08000500                EXTI4_15_IRQHandler
                0x08000500                USART3_8_IRQHandler
                0x08000500                Default_Handler
                0x08000500                TIM14_IRQHandler
                0x08000500                TIM7_IRQHandler
                0x08000500                TIM15_IRQHandler
                0x08000500                EXTI0_1_IRQHandler
                0x08000500                SPI2_IRQHandler
                0x08000500                DMA1_Ch2_3_DMA2_Ch1_2_IRQHandler
                0x08000500                DMA1_Ch4_7_DMA2_Ch3_5_IRQHandler
                0x08000500                WWDG_IRQHandler
                0x08000500                TIM2_IRQHandler
                0x08000500                USART2_IRQHandler
                0x08000500                FLASH_IRQHandler
                0x08000500                USART1_IRQHandler
                0x08000500                TIM1_BRK_UP_TRG_COM_IRQHandler
 *fill*         0x08000502        0x2 
 .text.HAL_IncTick
                0x08000504       0x24 ./Drivers/STM32F0xx_HAL_Driver/Src/stm32f0xx_hal.o
                0x08000504                HAL_IncTick
 .text.__libc_init_array
                0x08000528       0x48 E:/Apps/STM32CubeIDE/STM32CubeIDE_1.19.0/STM32CubeIDE/plugins/com.st.stm32cube.ide.mcu.externaltools.gnu-tools-for-stm32.13.3.rel1.win32_1.0.0.202411081344/tools/bin/../lib/gcc/arm-none-eabi/13.3.1/../../../../arm-none-eabi/lib/thumb/v6-m/nofp\libc_nano.a(libc_a-init.o)
                0x08000528                __libc_init_array
 *(.glue_7)
 .glue_7        0x08000570        0x0 linker stubs
 *(.glue_7t)
 .glue_7t       0x08000570        0x0 linker stubs
 *(.eh_frame)
 .eh_frame      0x08000570        0x0 E:/Apps/STM32CubeIDE/STM32CubeIDE_1.19.0/STM32CubeIDE/plugins/com.st.stm32cube.ide.mcu.externaltools.gnu-tools-for-stm32.13.3.rel1.win32_1.0.0.202411081344/tools/bin/../lib/gcc/arm-none-eabi/13.3.1/thumb/v6-m/nofp/crtbegin.o
 *(.init)
 .init          0x08000570        0x4 E:/Apps/STM32CubeIDE/STM32CubeIDE_1.19.0/STM32CubeIDE/plugins/com.st.stm32cube.ide.mcu.externaltools.gnu-tools-for-stm32.13.3.rel1.win32_1.0.0.202411081344/tools/bin/../lib/gcc/arm-none-eabi/13.3.1/thumb/v6-m/nofp/crti.o
                0x08000570                _init
 .init          0x08000574        0x8 E:/Apps/STM32CubeIDE/STM32CubeIDE_1.19.0/STM32CubeIDE/plugins/com.st.stm32cube.ide.mcu.externaltools.gnu-tools-for-stm32.13.3.rel1.win32_1.0.0.202411081344/tools/bin/../lib/gcc/arm-none-eabi/13.3.1/thumb/v6-m/nofp/crtn.o
 *(.fini)
 .fini          0x0800057c        0x4 E:/Apps/STM32CubeIDE/STM32CubeIDE_1.19.0/STM32CubeIDE/plugins/com.st.stm32cube.ide.mcu.externaltools.gnu-tools-for-stm32.13.3.rel1.win32_1.0.0.202411081344/tools/bin/../lib/gcc/arm-none-eabi/13.3.1/thumb/v6-m/nofp/crti.o
                0x0800057c                _fini
 .fini          0x08000580        0x8 E:/Apps/STM32CubeIDE/STM32CubeIDE_1.19.0/STM32CubeIDE/plugins/com.st.stm32cube.ide.mcu.externaltools.gnu-tools-for-stm32.13.3.rel1.win32_1.0.0.202411081344/tools/bin/../lib/gcc/arm-none-eabi/13.3.1/thumb/v6-m/nofp/crtn.o
                0x08000588                        . = ALIGN (0x4)
                0x08000588                        _etext = .

.vfp11_veneer   0x08000588        0x0
 .vfp11_veneer  0x08000588        0x0 linker stubs

.v4_bx          0x08000588        0x0
 .v4_bx         0x08000588        0x0 linker stubs

.iplt           0x08000588        0x0
 .iplt          0x08000588        0x0 E:/Apps/STM32CubeIDE/STM32CubeIDE_1.19.0/STM32CubeIDE/plugins/com.st.stm32cube.ide.mcu.externaltools.gnu-tools-for-stm32.13.3.rel1.win32_1.0.0.202411081344/tools/bin/../lib/gcc/arm-none-eabi/13.3.1/thumb/v6-m/nofp/crtbegin.o

.rodata         0x08000588        0x0
                0x08000588                        . = ALIGN (0x4)
 *(.rodata)
 *(.rodata*)
                0x08000588                        . = ALIGN (0x4)

.ARM.extab      0x08000588        0x0
                0x08000588                        . = ALIGN (0x4)
 *(.ARM.extab* .gnu.linkonce.armextab.*)
                0x08000588                        . = ALIGN (0x4)

.ARM            0x08000588        0x0
                0x08000588                        . = ALIGN (0x4)
                0x08000588                        __exidx_start = .
 *(.ARM.exidx*)
                0x08000588                        __exidx_end = .
                0x08000588                        . = ALIGN (0x4)

.preinit_array  0x08000588        0x0
                0x08000588                        . = ALIGN (0x4)
                0x08000588                        PROVIDE (__preinit_array_start = .)
 *(.preinit_array*)
                0x08000588                        PROVIDE (__preinit_array_end = .)
                0x08000588                        . = ALIGN (0x4)

.init_array     0x08000588        0x4
                0x08000588                        . = ALIGN (0x4)
                0x08000588                        PROVIDE (__init_array_start = .)
 *(SORT_BY_NAME(.init_array.*))
 *(.init_array*)
 .init_array    0x08000588        0x4 E:/Apps/STM32CubeIDE/STM32CubeIDE_1.19.0/STM32CubeIDE/plugins/com.st.stm32cube.ide.mcu.externaltools.gnu-tools-for-stm32.13.3.rel1.win32_1.0.0.202411081344/tools/bin/../lib/gcc/arm-none-eabi/13.3.1/thumb/v6-m/nofp/crtbegin.o
                0x0800058c                        PROVIDE (__init_array_end = .)
                0x0800058c                        . = ALIGN (0x4)

.fini_array     0x0800058c        0x4
                0x0800058c                        . = ALIGN (0x4)
                [!provide]                        PROVIDE (__fini_array_start = .)
 *(SORT_BY_NAME(.fini_array.*))
 *(.fini_array*)
 .fini_array    0x0800058c        0x4 E:/Apps/STM32CubeIDE/STM32CubeIDE_1.19.0/STM32CubeIDE/plugins/com.st.stm32cube.ide.mcu.externaltools.gnu-tools-for-stm32.13.3.rel1.win32_1.0.0.202411081344/tools/bin/../lib/gcc/arm-none-eabi/13.3.1/thumb/v6-m/nofp/crtbegin.o
                [!provide]                        PROVIDE (__fini_array_end = .)
                0x08000590                        . = ALIGN (0x4)
                0x08000590                        _sidata = LOADADDR (.data)

.rel.dyn        0x08000590        0x0
 .rel.iplt      0x08000590        0x0 E:/Apps/STM32CubeIDE/STM32CubeIDE_1.19.0/STM32CubeIDE/plugins/com.st.stm32cube.ide.mcu.externaltools.gnu-tools-for-stm32.13.3.rel1.win32_1.0.0.202411081344/tools/bin/../lib/gcc/arm-none-eabi/13.3.1/thumb/v6-m/nofp/crtbegin.o

.data           0x20000000        0x4 load address 0x08000590
                0x20000000                        . = ALIGN (0x4)
                0x20000000                        _sdata = .
 *(.data)
 *(.data*)
 .data.uwTickFreq
                0x20000000        0x1 ./Drivers/STM32F0xx_HAL_Driver/Src/stm32f0xx_hal.o
                0x20000000                uwTickFreq
 *(.RamFunc)
 *(.RamFunc*)
                0x20000004                        . = ALIGN (0x4)
 *fill*         0x20000001        0x3 
                0x20000004                        _edata = .

.igot.plt       0x20000004        0x0 load address 0x08000594
 .igot.plt      0x20000004        0x0 E:/Apps/STM32CubeIDE/STM32CubeIDE_1.19.0/STM32CubeIDE/plugins/com.st.stm32cube.ide.mcu.externaltools.gnu-tools-for-stm32.13.3.rel1.win32_1.0.0.202411081344/tools/bin/../lib/gcc/arm-none-eabi/13.3.1/thumb/v6-m/nofp/crtbegin.o
                0x20000004                        . = ALIGN (0x4)

.bss            0x20000004       0x20 load address 0x08000594
                0x20000004                        _sbss = .
                0x20000004                        __bss_start__ = _sbss
 *(.bss)
 .bss           0x20000004       0x1c E:/Apps/STM32CubeIDE/STM32CubeIDE_1.19.0/STM32CubeIDE/plugins/com.st.stm32cube.ide.mcu.externaltools.gnu-tools-for-stm32.13.3.rel1.win32_1.0.0.202411081344/tools/bin/../lib/gcc/arm-none-eabi/13.3.1/thumb/v6-m/nofp/crtbegin.o
 *(.bss*)
 .bss.uwTick    0x20000020        0x4 ./Drivers/STM32F0xx_HAL_Driver/Src/stm32f0xx_hal.o
                0x20000020                uwTick
 *(COMMON)
                0x20000024                        . = ALIGN (0x4)
                0x20000024                        _ebss = .
                0x20000024                        __bss_end__ = _ebss

._user_heap_stack
                0x20000024      0x604 load address 0x08000594
                0x20000028                        . = ALIGN (0x8)
 *fill*         0x20000024        0x4 
                [!provide]                        PROVIDE (end = .)
                0x20000028                        PROVIDE (_end = .)
                0x20000228                        . = (. + _Min_Heap_Size)
 *fill*         0x20000028      0x200 
                0x20000628                        . = (. + _Min_Stack_Size)
 *fill*         0x20000228      0x400 
                0x20000628                        . = ALIGN (0x8)

/DISCARD/
 libc.a(*)
 libm.a(*)
 libgcc.a(*)

.ARM.attributes
                0x00000000       0x28
 *(.ARM.attributes)
 .ARM.attributes
                0x00000000       0x1e E:/Apps/STM32CubeIDE/STM32CubeIDE_1.19.0/STM32CubeIDE/plugins/com.st.stm32cube.ide.mcu.externaltools.gnu-tools-for-stm32.13.3.rel1.win32_1.0.0.202411081344/tools/bin/../lib/gcc/arm-none-eabi/13.3.1/thumb/v6-m/nofp/crti.o
 .ARM.attributes
                0x0000001e       0x2c E:/Apps/STM32CubeIDE/STM32CubeIDE_1.19.0/STM32CubeIDE/plugins/com.st.stm32cube.ide.mcu.externaltools.gnu-tools-for-stm32.13.3.rel1.win32_1.0.0.202411081344/tools/bin/../lib/gcc/arm-none-eabi/13.3.1/thumb/v6-m/nofp/crtbegin.o
 .ARM.attributes
                0x0000004a       0x2c ./Core/Src/main.o
 .ARM.attributes
                0x00000076       0x2c ./Core/Src/stm32f0xx_it.o
 .ARM.attributes
                0x000000a2       0x2c ./Core/Src/system_stm32f0xx.o
 .ARM.attributes
                0x000000ce       0x21 ./Core/Startup/startup_stm32f091rctx.o
 .ARM.attributes
                0x000000ef       0x2c ./Drivers/STM32F0xx_HAL_Driver/Src/stm32f0xx_hal.o
 .ARM.attributes
                0x0000011b       0x2c E:/Apps/STM32CubeIDE/STM32CubeIDE_1.19.0/STM32CubeIDE/plugins/com.st.stm32cube.ide.mcu.externaltools.gnu-tools-for-stm32.13.3.rel1.win32_1.0.0.202411081344/tools/bin/../lib/gcc/arm-none-eabi/13.3.1/../../../../arm-none-eabi/lib/thumb/v6-m/nofp\libc_nano.a(libc_a-init.o)
 .ARM.attributes
                0x00000147       0x1e E:/Apps/STM32CubeIDE/STM32CubeIDE_1.19.0/STM32CubeIDE/plugins/com.st.stm32cube.ide.mcu.externaltools.gnu-tools-for-stm32.13.3.rel1.win32_1.0.0.202411081344/tools/bin/../lib/gcc/arm-none-eabi/13.3.1/thumb/v6-m/nofp/crtn.o
OUTPUT(Lab4.elf elf32-littlearm)
LOAD linker stubs
LOAD E:/Apps/STM32CubeIDE/STM32CubeIDE_1.19.0/STM32CubeIDE/plugins/com.st.stm32cube.ide.mcu.externaltools.gnu-tools-for-stm32.13.3.rel1.win32_1.0.0.202411081344/tools/bin/../lib/gcc/arm-none-eabi/13.3.1/../../../../arm-none-eabi/lib/thumb/v6-m/nofp\libc.a
LOAD E:/Apps/STM32CubeIDE/STM32CubeIDE_1.19.0/STM32CubeIDE/plugins/com.st.stm32cube.ide.mcu.externaltools.gnu-tools-for-stm32.13.3.rel1.win32_1.0.0.202411081344/tools/bin/../lib/gcc/arm-none-eabi/13.3.1/../../../../arm-none-eabi/lib/thumb/v6-m/nofp\libm.a
LOAD E:/Apps/STM32CubeIDE/STM32CubeIDE_1.19.0/STM32CubeIDE/plugins/com.st.stm32cube.ide.mcu.externaltools.gnu-tools-for-stm32.13.3.rel1.win32_1.0.0.202411081344/tools/bin/../lib/gcc/arm-none-eabi/13.3.1/thumb/v6-m/nofp\libgcc.a

.debug_info     0x00000000      0xdac
 .debug_info    0x00000000      0x3a4 ./Core/Src/main.o
 .debug_info    0x000003a4       0xd3 ./Core/Src/stm32f0xx_it.o
 .debug_info    0x00000477      0x242 ./Core/Src/system_stm32f0xx.o
 .debug_info    0x000006b9       0x30 ./Core/Startup/startup_stm32f091rctx.o
 .debug_info    0x000006e9      0x6c3 ./Drivers/STM32F0xx_HAL_Driver/Src/stm32f0xx_hal.o

.debug_abbrev   0x00000000      0x517
 .debug_abbrev  0x00000000      0x151 ./Core/Src/main.o
 .debug_abbrev  0x00000151       0x73 ./Core/Src/stm32f0xx_it.o
 .debug_abbrev  0x000001c4      0x11c ./Core/Src/system_stm32f0xx.o
 .debug_abbrev  0x000002e0       0x24 ./Core/Startup/startup_stm32f091rctx.o
 .debug_abbrev  0x00000304      0x213 ./Drivers/STM32F0xx_HAL_Driver/Src/stm32f0xx_hal.o

.debug_aranges  0x00000000      0x1b0
 .debug_aranges
                0x00000000       0x50 ./Core/Src/main.o
 .debug_aranges
                0x00000050       0x40 ./Core/Src/stm32f0xx_it.o
 .debug_aranges
                0x00000090       0x28 ./Core/Src/system_stm32f0xx.o
 .debug_aranges
                0x000000b8       0x28 ./Core/Startup/startup_stm32f091rctx.o
 .debug_aranges
                0x000000e0       0xd0 ./Drivers/STM32F0xx_HAL_Driver/Src/stm32f0xx_hal.o

.debug_rnglists
                0x00000000      0x12f
 .debug_rnglists
                0x00000000       0x3a ./Core/Src/main.o
 .debug_rnglists
                0x0000003a       0x2b ./Core/Src/stm32f0xx_it.o
 .debug_rnglists
                0x00000065       0x1a ./Core/Src/system_stm32f0xx.o
 .debug_rnglists
                0x0000007f       0x19 ./Core/Startup/startup_stm32f091rctx.o
 .debug_rnglists
                0x00000098       0x97 ./Drivers/STM32F0xx_HAL_Driver/Src/stm32f0xx_hal.o

.debug_macro    0x00000000    0x19016
 .debug_macro   0x00000000      0x1c9 ./Core/Src/main.o
 .debug_macro   0x000001c9      0xaae ./Core/Src/main.o
 .debug_macro   0x00000c77      0x12d ./Core/Src/main.o
 .debug_macro   0x00000da4       0x2e ./Core/Src/main.o
 .debug_macro   0x00000dd2       0x22 ./Core/Src/main.o
 .debug_macro   0x00000df4       0x22 ./Core/Src/main.o
 .debug_macro   0x00000e16       0x8e ./Core/Src/main.o
 .debug_macro   0x00000ea4       0x51 ./Core/Src/main.o
 .debug_macro   0x00000ef5      0x103 ./Core/Src/main.o
 .debug_macro   0x00000ff8       0x6a ./Core/Src/main.o
 .debug_macro   0x00001062      0x1df ./Core/Src/main.o
 .debug_macro   0x00001241       0x1c ./Core/Src/main.o
 .debug_macro   0x0000125d       0x22 ./Core/Src/main.o
 .debug_macro   0x0000127f       0xaf ./Core/Src/main.o
 .debug_macro   0x0000132e      0x391 ./Core/Src/main.o
 .debug_macro   0x000016bf    0x10e6b ./Core/Src/main.o
 .debug_macro   0x0001252a       0x66 ./Core/Src/main.o
 .debug_macro   0x00012590     0x34da ./Core/Src/main.o
 .debug_macro   0x00015a6a      0x190 ./Core/Src/main.o
 .debug_macro   0x00015bfa       0x55 ./Core/Src/main.o
 .debug_macro   0x00015c4f      0x946 ./Core/Src/main.o
 .debug_macro   0x00016595      0x69b ./Core/Src/main.o
 .debug_macro   0x00016c30      0x1ae ./Core/Src/main.o
 .debug_macro   0x00016dde      0x202 ./Core/Src/main.o
 .debug_macro   0x00016fe0      0x1a7 ./Core/Src/main.o
 .debug_macro   0x00017187      0x1bc ./Core/Src/main.o
 .debug_macro   0x00017343      0x4cf ./Core/Src/main.o
 .debug_macro   0x00017812       0x3c ./Core/Src/main.o
 .debug_macro   0x0001784e       0x28 ./Core/Src/main.o
 .debug_macro   0x00017876       0xb0 ./Core/Src/main.o
 .debug_macro   0x00017926      0x23f ./Core/Src/main.o
 .debug_macro   0x00017b65      0x22c ./Core/Src/main.o
 .debug_macro   0x00017d91       0x61 ./Core/Src/main.o
 .debug_macro   0x00017df2       0xa5 ./Core/Src/main.o
 .debug_macro   0x00017e97       0x4c ./Core/Src/main.o
 .debug_macro   0x00017ee3      0x16d ./Core/Src/main.o
 .debug_macro   0x00018050      0x5ba ./Core/Src/main.o
 .debug_macro   0x0001860a       0x44 ./Core/Src/main.o
 .debug_macro   0x0001864e      0x435 ./Core/Src/main.o
 .debug_macro   0x00018a83       0x4c ./Core/Src/main.o
 .debug_macro   0x00018acf      0x1c7 ./Core/Src/stm32f0xx_it.o
 .debug_macro   0x00018c96      0x1ae ./Core/Src/system_stm32f0xx.o
 .debug_macro   0x00018e44      0x1d2 ./Drivers/STM32F0xx_HAL_Driver/Src/stm32f0xx_hal.o

.debug_line     0x00000000     0x25b3
 .debug_line    0x00000000      0x9f5 ./Core/Src/main.o
 .debug_line    0x000009f5      0x852 ./Core/Src/stm32f0xx_it.o
 .debug_line    0x00001247      0x87d ./Core/Src/system_stm32f0xx.o
 .debug_line    0x00001ac4       0x7b ./Core/Startup/startup_stm32f091rctx.o
 .debug_line    0x00001b3f      0xa74 ./Drivers/STM32F0xx_HAL_Driver/Src/stm32f0xx_hal.o

.debug_str      0x00000000    0x9b0f3
 .debug_str     0x00000000    0x9b0f3 ./Core/Src/main.o
                              0x9acd5 (size before relaxing)
 .debug_str     0x0009b0f3    0x9abfa ./Core/Src/stm32f0xx_it.o
 .debug_str     0x0009b0f3    0x9ab73 ./Core/Src/system_stm32f0xx.o
 .debug_str     0x0009b0f3       0x70 ./Core/Startup/startup_stm32f091rctx.o
 .debug_str     0x0009b0f3    0x9b163 ./Drivers/STM32F0xx_HAL_Driver/Src/stm32f0xx_hal.o

.comment        0x00000000       0x43
 .comment       0x00000000       0x43 ./Core/Src/main.o
                                 0x44 (size before relaxing)
 .comment       0x00000043       0x44 ./Core/Src/stm32f0xx_it.o
 .comment       0x00000043       0x44 ./Core/Src/system_stm32f0xx.o
 .comment       0x00000043       0x44 ./Drivers/STM32F0xx_HAL_Driver/Src/stm32f0xx_hal.o

.debug_frame    0x00000000      0x4a0
 .debug_frame   0x00000000       0xe8 ./Core/Src/main.o
 .debug_frame   0x000000e8       0x9c ./Core/Src/stm32f0xx_it.o
 .debug_frame   0x00000184       0x4c ./Core/Src/system_stm32f0xx.o
 .debug_frame   0x000001d0      0x2a4 ./Drivers/STM32F0xx_HAL_Driver/Src/stm32f0xx_hal.o
 .debug_frame   0x00000474       0x2c E:/Apps/STM32CubeIDE/STM32CubeIDE_1.19.0/STM32CubeIDE/plugins/com.st.stm32cube.ide.mcu.externaltools.gnu-tools-for-stm32.13.3.rel1.win32_1.0.0.202411081344/tools/bin/../lib/gcc/arm-none-eabi/13.3.1/../../../../arm-none-eabi/lib/thumb/v6-m/nofp\libc_nano.a(libc_a-init.o)

.debug_line_str
                0x00000000       0x54
 .debug_line_str
                0x00000000       0x54 ./Core/Startup/startup_stm32f091rctx.o
